{
    "Should generate two files summarizing genome mapping statistics": {
        "content": [
            [
                "genome_mapping_summary.csv"
            ]
        ],
        "meta": {
            "nf-test": "0.9.2",
            "nextflow": "25.04.2"
        },
        "timestamp": "2026-02-11T16:21:26.188581"
    }
}