{
    "Should generate a sequencing summary for two libraries": {
        "content": [
            "/Users/sandie/projects/pioneerlabs/long-read-qc/.nf-test/tests/a261710e67faccf8ce53d8c8d171d960/results/seq_summary.tsv",
            "/Users/sandie/projects/pioneerlabs/long-read-qc/.nf-test/tests/a261710e67faccf8ce53d8c8d171d960/results/concatenated_seq_stats.tsv",
            "/Users/sandie/projects/pioneerlabs/long-read-qc/.nf-test/tests/a261710e67faccf8ce53d8c8d171d960/results/concatenated_vector_map_stats.tsv"
        ],
        "meta": {
            "nf-test": "0.9.2",
            "nextflow": "24.10.5"
        },
        "timestamp": "2025-04-02T14:43:57.529434"
    }
}