{
    "Should generate a sequencing summary for two libraries": {
        "content": [
            "seq_summary.csv:md5,b37c915057aa36d19adfc8b1c1949650"
        ],
        "meta": {
            "nf-test": "0.9.2",
            "nextflow": "25.04.2"
        },
        "timestamp": "2026-02-05T13:14:18.960327"
    }
}