{
    "Should generate a tsv table of truncated inserts with seq id, sequence, and insert length": {
        "content": [
            "/Users/sandie/projects/pioneerlabs/long-read-qc/.nf-test/tests/4154d4257061dc6102d7a19d6992a924/output/Gateway_EmptyBarcodedLib1_20241217/truncated_inserts.tsv"
        ],
        "meta": {
            "nf-test": "0.9.2",
            "nextflow": "25.04.2"
        },
        "timestamp": "2026-02-11T11:00:59.204597"
    }
}