{
    "Should map inserts": {
        "content": [
            "/Users/sandie/projects/pioneerlabs/long-read-qc/.nf-test/tests/dce2422047bfc8e07cdbe1942a67a23a/results/Gateway_EmptyBarcodedLib1_20241217/mapped_insert_stats.tsv",
            "/Users/sandie/projects/pioneerlabs/long-read-qc/.nf-test/tests/dce2422047bfc8e07cdbe1942a67a23a/results/Gateway_EmptyBarcodedLib1_20241217/mapped_inserts.bam",
            "/Users/sandie/projects/pioneerlabs/long-read-qc/.nf-test/tests/dce2422047bfc8e07cdbe1942a67a23a/results/Gateway_EmptyBarcodedLib1_20241217/mapped_inserts.bam.bai"
        ],
        "meta": {
            "nf-test": "0.9.2",
            "nextflow": "24.10.5"
        },
        "timestamp": "2025-03-31T18:20:33.21713"
    }
}