{
    "Should map inserts": {
        "content": [
            "mapped_insert_stats.tsv:md5,26eba099fe6593619d4f9bb03847cf73",
            "mapped_inserts.bam:md5,e1b1a417c610822e360e68bde9c00dad",
            "mapped_inserts.bam.bai:md5,0be2a6a56d6f271343f73c8ae1346c7a"
        ],
        "meta": {
            "nf-test": "0.9.2",
            "nextflow": "25.04.2"
        },
        "timestamp": "2025-05-15T12:33:49.785292"
    }
}