{
    "Should generate sequencing stats": {
        "content": [
            "/Users/sandie/projects/pioneerlabs/long-read-qc/.nf-test/tests/1ca178391e18368ee6032227fb2fcbcb/results/Gateway_EmptyBarcodedLib1_20241217/seq_stats.tsv"
        ],
        "meta": {
            "nf-test": "0.9.2",
            "nextflow": "24.10.5"
        },
        "timestamp": "2025-04-01T13:38:08.208524"
    }
}