{
    "Should process 8bp genome tags and generate sample sheet": {
        "content": [
            [
                "genome_fastqs/B_subtilus.fq.gz",
                "genome_fastqs/C_necator.fq.gz",
                "genome_fastqs/C_psychrerythraea.fq.gz",
                "genome_fastqs/D_radiodurans.fq.gz",
                "genome_fastqs/E_coli_K12.fq.gz",
                "genome_fastqs/G_obscurus.fq.gz",
                "genome_fastqs/H_elongata.fq.gz",
                "genome_fastqs/K_variicola.fq.gz",
                "genome_fastqs/P_halocryophilus.fq.gz",
                "genome_fastqs/P_putida.fq.gz",
                "genome_fastqs/R_radiotolerans.fq.gz",
                "primary_data/test_sample_sample_sheet.csv",
                "summary_and_plots/combined_seq_summary.tsv",
                "summary_and_plots/num_sequences_per_genome.png"
            ]
        ],
        "timestamp": "2026-03-31T15:15:04.202264",
        "meta": {
            "nf-test": "0.9.4",
            "nextflow": "25.04.2"
        }
    }
}