{
    "Should generate a graphic of genome coverage": {
        "content": [
            "genome_coverage.png:md5,95422dd69ea732e3de65db88ce7da8db"
        ],
        "meta": {
            "nf-test": "0.9.2",
            "nextflow": "25.04.2"
        },
        "timestamp": "2025-05-15T13:36:42.393462"
    }
}