{
    "Should generate barcode counts": {
        "content": [
            "/Users/sandie/projects/pioneerlabs/long-read-qc/.nf-test/tests/f84e7246db4ac0e8e3f091b2a63a1e9d/results/Gateway_EmptyBarcodedLib1_20241217/barcode_counts.tsv"
        ],
        "meta": {
            "nf-test": "0.9.2",
            "nextflow": "24.10.3"
        },
        "timestamp": "2025-03-31T15:24:10.391926"
    }
}