{
    "Should generate genome coverage stats": {
        "content": [
            "/Users/sandie/projects/pioneerlabs/long-read-qc/.nf-test/tests/9258c342a1db8378328bc330f4b48a96/results/Gateway_EmptyBarcodedLib1_20241217/genome_coverage.tsv",
            "/Users/sandie/projects/pioneerlabs/long-read-qc/.nf-test/tests/9258c342a1db8378328bc330f4b48a96/results/Gateway_EmptyBarcodedLib1_20241217/genome_cov_stats.tsv"
        ],
        "meta": {
            "nf-test": "0.9.2",
            "nextflow": "24.10.5"
        },
        "timestamp": "2025-04-12T15:47:39.008924"
    }
}