{
    "Should generate genome coverage stats": {
        "content": [
            "genome_coverage.tsv:md5,d41d8cd98f00b204e9800998ecf8427e",
            "genome_cov_stats.tsv:md5,919d17e37c043287be33051aeff4fe5d"
        ],
        "meta": {
            "nf-test": "0.9.2",
            "nextflow": "25.04.2"
        },
        "timestamp": "2025-05-15T12:29:16.438821"
    }
}