{
    "Should filter barcodes based on min/max lengths specified in config": {
        "content": [
            "barcodes_filtered.fasta:md5,8c7dbffbb4d82dac42a1122464c59c62"
        ],
        "meta": {
            "nf-test": "0.9.2",
            "nextflow": "25.04.2"
        },
        "timestamp": "2025-05-15T12:02:13.385508"
    }
}