{
    "Should filter barcodes based on min/max lengths specified in config": {
        "content": [
            "/Users/sandie/projects/pioneerlabs/long-read-qc/.nf-test/tests/39a2982770966daeed5d1e2105f0bdd6/results/Gateway_EmptyBarcodedLib1_20241217/barcodes_filtered.fasta"
        ],
        "meta": {
            "nf-test": "0.9.2",
            "nextflow": "24.10.5"
        },
        "timestamp": "2025-03-31T17:35:26.113099"
    }
}