{
    "Should map insert coverage": {
        "content": [
            "insert_coverage.bed:md5,d41d8cd98f00b204e9800998ecf8427e",
            "insert_intersect.out:md5,d41d8cd98f00b204e9800998ecf8427e",
            "insert_coverage_full.bed:md5,d41d8cd98f00b204e9800998ecf8427e",
            "depth_report.tsv:md5,d41d8cd98f00b204e9800998ecf8427e",
            "gene_coverage.bed:md5,f151d2a1cf2ed3abf882a583bd2540a1"
        ],
        "meta": {
            "nf-test": "0.9.2",
            "nextflow": "25.04.2"
        },
        "timestamp": "2025-05-15T12:32:00.505133"
    }
}