{
    "Should generate fastplong html": {
        "content": [
            "/Users/sandie/projects/pioneerlabs/long-read-qc/.nf-test/tests/4dcc26ddd7a1138d9fa98273f641f49e/results/Gateway_EmptyBarcodedLib1_20241217/fastplong.html"
        ],
        "meta": {
            "nf-test": "0.9.2",
            "nextflow": "24.10.3"
        },
        "timestamp": "2025-03-31T15:24:30.771898"
    }
}