{
    "Should generate barcode summaries and plots": {
        "content": [
            [
                "barcode_copy_number.png"
            ]
        ],
        "meta": {
            "nf-test": "0.9.2",
            "nextflow": "25.04.2"
        },
        "timestamp": "2026-02-11T16:18:33.525481"
    }
}