{
    "Should extract barcodes": {
        "content": [
            [
                "barcodes.fasta"
            ]
        ],
        "meta": {
            "nf-test": "0.9.2",
            "nextflow": "25.04.2"
        },
        "timestamp": "2026-02-11T15:36:47.991748"
    },
    "Should extract 0 barcodes": {
        "content": [
            [
                "barcodes.fasta"
            ]
        ],
        "meta": {
            "nf-test": "0.9.2",
            "nextflow": "25.04.2"
        },
        "timestamp": "2026-02-11T15:36:54.597116"
    },
    "Should extract barcodes from a sample with no inserts": {
        "content": [
            [
                "barcodes.fasta"
            ]
        ],
        "meta": {
            "nf-test": "0.9.2",
            "nextflow": "25.04.2"
        },
        "timestamp": "2026-02-11T15:37:00.785252"
    }
}