{
    "Should extract barcodes": {
        "content": [
            "/Users/sandie/projects/pioneerlabs/long-read-qc/.nf-test/tests/5bd742095678ab608393c0833c02e35b/results/Gateway_EmptyBarcodedLib1_20241217/barcodes.fasta"
        ],
        "meta": {
            "nf-test": "0.9.2",
            "nextflow": "24.10.5"
        },
        "timestamp": "2025-04-12T16:23:05.280063"
    },
    "Should extract 0 barcodes": {
        "content": [
            "/Users/sandie/projects/pioneerlabs/long-read-qc/.nf-test/tests/fcf2849eeeb2df1daef7c9b523092dce/results/Gib_Lib1_240801/barcodes.fasta"
        ],
        "meta": {
            "nf-test": "0.9.2",
            "nextflow": "24.10.5"
        },
        "timestamp": "2025-04-12T16:23:11.64297"
    },
    "Should extract barcodes from a sample with no inserts": {
        "content": [
            "/Users/sandie/projects/pioneerlabs/long-read-qc/.nf-test/tests/2ef1d4bc6cd917a0e05f55beb38081c0/results/b.33TransposonBarcodedLibraryLinear/barcodes.fasta"
        ],
        "meta": {
            "nf-test": "0.9.2",
            "nextflow": "24.10.5"
        },
        "timestamp": "2025-04-12T16:24:49.63903"
    }
}