{
    "Should map reads to vector": {
        "content": [
            "/Users/sandie/projects/pioneerlabs/long-read-qc/.nf-test/tests/d630d0db9d636f9d2a38fb47e2469345/results/Gateway_EmptyBarcodedLib1_20241217/mapped_vector_stats.tsv"
        ],
        "meta": {
            "nf-test": "0.9.2",
            "nextflow": "24.10.3"
        },
        "timestamp": "2025-03-31T15:32:14.749898"
    }
}