{
    "Should generate insert summaries and plots": {
        "content": [
            "/Users/sandie/projects/pioneerlabs/long-read-qc/.nf-test/tests/61d435726bc33d7a68e95771c15428a5/output/concatenated_inserts.csv"
        ],
        "meta": {
            "nf-test": "0.9.2",
            "nextflow": "25.04.2"
        },
        "timestamp": "2026-02-06T18:36:11.556578"
    }
}