{
    "Should generate 4 plots comparing full to truncated inserts": {
        "content": [
            [
                "intact_vs_truncated_insert_lengths.png",
                "raw_counts_intact_vs_truncated_inserts.png",
                "read_lengths_for_trimmed_seqs.png",
                "untrimmed_read_lengths.png"
            ]
        ],
        "meta": {
            "nf-test": "0.9.2",
            "nextflow": "25.04.2"
        },
        "timestamp": "2026-02-11T16:09:04.016623"
    }
}