{
    "Should extract 0 inserts": {
        "content": [
            [
                "inserts.fasta",
                "untrimmed.fastq"
            ]
        ],
        "meta": {
            "nf-test": "0.9.2",
            "nextflow": "25.04.2"
        },
        "timestamp": "2026-02-11T15:46:58.388188"
    },
    "Should extract some inserts": {
        "content": [
            [
                "inserts.fasta",
                "untrimmed.fastq"
            ]
        ],
        "meta": {
            "nf-test": "0.9.2",
            "nextflow": "25.04.2"
        },
        "timestamp": "2026-02-11T15:46:51.46815"
    },
    "Should extract inserts from a sample with no barcodes": {
        "content": [
            [
                "inserts.fasta",
                "untrimmed.fastq"
            ]
        ],
        "meta": {
            "nf-test": "0.9.2",
            "nextflow": "25.04.2"
        },
        "timestamp": "2026-02-11T15:47:04.645028"
    }
}