{
    "Should extract 0 inserts": {
        "content": [
            "inserts.fasta:md5,d41d8cd98f00b204e9800998ecf8427e"
        ],
        "meta": {
            "nf-test": "0.9.2",
            "nextflow": "24.10.5"
        },
        "timestamp": "2025-04-12T16:17:34.020766"
    },
    "Should extract inserts": {
        "content": [
            "inserts.fasta:md5,7c0b0140289d271a6a5af323a69958e1"
        ],
        "meta": {
            "nf-test": "0.9.2",
            "nextflow": "24.10.5"
        },
        "timestamp": "2025-04-12T16:17:27.553312"
    },
    "Should extract inserts from a sample with no barcodes": {
        "content": [
            "inserts.fasta:md5,9ee3de61c7f497a93c60ca476f74381c"
        ],
        "meta": {
            "nf-test": "0.9.2",
            "nextflow": "24.10.5"
        },
        "timestamp": "2025-04-12T16:17:40.886162"
    }
}